[     322ms] [INFO] %cDownload the React DevTools for a better development experience: https://react.dev/link/react-devtools font-weight:bold @ http://localhost:5173/node_modules/.vite/deps/react-dom_client.js?v=b024f49f:14337
[     612ms] [LOG] effect @ http://localhost:5173/src/App.tsx:32
[     618ms] [ERROR] Error loading users @ http://localhost:5173/src/App.tsx:37
[     619ms] [LOG] effect @ http://localhost:5173/src/App.tsx:51
[     643ms] [LOG] effect @ http://localhost:5173/src/App.tsx:32
[     644ms] [ERROR] Error loading users @ http://localhost:5173/src/App.tsx:37
[     644ms] [LOG] effect @ http://localhost:5173/src/App.tsx:51
[     773ms] [ERROR] Error: sky-horizon-blend: 5 is greater than the maximum value 1
    at Object.hs [as C] (http://localhost:5173/node_modules/.vite/deps/maplibre-gl.js?v=b024f49f:7997:73)
    at E._validate (http://localhost:5173/node_modules/.vite/deps/maplibre-gl.js?v=b024f49f:20447:59)
    at E.setSky (http://localhost:5173/node_modules/.vite/deps/maplibre-gl.js?v=b024f49f:20420:16)
    at ki.setSky (http://localhost:5173/node_modules/.vite/deps/maplibre-gl.js?v=b024f49f:27582:40)
    at ds.setSky (http://localhost:5173/node_modules/.vite/deps/maplibre-gl.js?v=b024f49f:33197:52)
    at ds.<anonymous> (http://localhost:5173/src/components/Home.tsx:20:8)
    at ds.fire (http://localhost:5173/node_modules/.vite/deps/maplibre-gl.js?v=b024f49f:595:28)
    at ki.fire (http://localhost:5173/node_modules/.vite/deps/maplibre-gl.js?v=b024f49f:599:121)
    at ki._load (http://localhost:5173/node_modules/.vite/deps/maplibre-gl.js?v=b024f49f:26981:486)
    at ki.<anonymous> (http://localhost:5173/node_modules/.vite/deps/maplibre-gl.js?v=b024f49f:26961:78) @ http://localhost:5173/node_modules/.vite/deps/maplibre-gl.js?v=b024f49f:599
[     774ms] [ERROR] Error: horizon-fog-blend: 10 is greater than the maximum value 1
    at Object.hs [as C] (http://localhost:5173/node_modules/.vite/deps/maplibre-gl.js?v=b024f49f:7997:73)
    at E._validate (http://localhost:5173/node_modules/.vite/deps/maplibre-gl.js?v=b024f49f:20447:59)
    at E.setSky (http://localhost:5173/node_modules/.vite/deps/maplibre-gl.js?v=b024f49f:20420:16)
    at ki.setSky (http://localhost:5173/node_modules/.vite/deps/maplibre-gl.js?v=b024f49f:27582:40)
    at ds.setSky (http://localhost:5173/node_modules/.vite/deps/maplibre-gl.js?v=b024f49f:33197:52)
    at ds.<anonymous> (http://localhost:5173/src/components/Home.tsx:20:8)
    at ds.fire (http://localhost:5173/node_modules/.vite/deps/maplibre-gl.js?v=b024f49f:595:28)
    at ki.fire (http://localhost:5173/node_modules/.vite/deps/maplibre-gl.js?v=b024f49f:599:121)
    at ki._load (http://localhost:5173/node_modules/.vite/deps/maplibre-gl.js?v=b024f49f:26981:486)
    at ki.<anonymous> (http://localhost:5173/node_modules/.vite/deps/maplibre-gl.js?v=b024f49f:26961:78) @ http://localhost:5173/node_modules/.vite/deps/maplibre-gl.js?v=b024f49f:599
[     774ms] [ERROR] Error: fog-ground-blend: 20 is greater than the maximum value 1
    at Object.hs [as C] (http://localhost:5173/node_modules/.vite/deps/maplibre-gl.js?v=b024f49f:7997:73)
    at E._validate (http://localhost:5173/node_modules/.vite/deps/maplibre-gl.js?v=b024f49f:20447:59)
    at E.setSky (http://localhost:5173/node_modules/.vite/deps/maplibre-gl.js?v=b024f49f:20420:16)
    at ki.setSky (http://localhost:5173/node_modules/.vite/deps/maplibre-gl.js?v=b024f49f:27582:40)
    at ds.setSky (http://localhost:5173/node_modules/.vite/deps/maplibre-gl.js?v=b024f49f:33197:52)
    at ds.<anonymous> (http://localhost:5173/src/components/Home.tsx:20:8)
    at ds.fire (http://localhost:5173/node_modules/.vite/deps/maplibre-gl.js?v=b024f49f:595:28)
    at ki.fire (http://localhost:5173/node_modules/.vite/deps/maplibre-gl.js?v=b024f49f:599:121)
    at ki._load (http://localhost:5173/node_modules/.vite/deps/maplibre-gl.js?v=b024f49f:26981:486)
    at ki.<anonymous> (http://localhost:5173/node_modules/.vite/deps/maplibre-gl.js?v=b024f49f:26961:78) @ http://localhost:5173/node_modules/.vite/deps/maplibre-gl.js?v=b024f49f:599
[    2877ms] [LOG] users from API: [Object] @ http://localhost:5173/src/App.tsx:34
[    2878ms] [LOG] users from API: [Object] @ http://localhost:5173/src/App.tsx:34
[    2892ms] [ERROR] In HTML, %s cannot be a descendant of <%s>.
This will cause a hydration error.%s <button> button 

  ...
    <App>
      <div>
        <AppBar position="static" sx={{...}}>
          <MuiAppBar-root square={true} component="header" ownerState={{position:"...", ...}} elevation={4} ...>
            <Insertion>
            <Paper square={true} component="header" elevation={4} className="MuiAppBar-...">
              <MuiPaper-root as="header" ownerState={{square:true, ...}} className="MuiPaper-r..." ref={null} ...>
                <Insertion>
                <header className="MuiPaper-r..." style={{...}}>
                  <Toolbar sx={{padding:"auto", ...}}>
                    <MuiToolbar-root as="div" className="MuiToolbar..." ref={null} ownerState={{sx:{...}, ...}} ...>
                      <Insertion>
                      <div className="MuiToolbar...">
                        <Button>
                        <Button>
                        <Button>
                        <Button>
                        <Button color="inherit">
                          <MuiButton-root ownerState={{color:"inh...", ...}} className="MuiButton-..." component="button" ...>
                            <Insertion>
                            <ButtonBase className="MuiButton-..." component="button" disabled={null} focusRipple={true} ...>
                              <MuiButtonBase-root as="button" className="MuiButtonB..." ownerState={{...}} ...>
                                <Insertion>
>                               <button
>                                 className="MuiButtonBase-root MuiButton-root MuiButton-text MuiButton-sizeMedium Mui..."
>                                 onBlur={function}
>                                 onClick={function handleClick}
>                                 onContextMenu={function}
>                                 onFocus={function}
>                                 onKeyDown={function handleKeyDown}
>                                 onKeyUp={function handleKeyUp}
>                                 onMouseDown={function}
>                                 onMouseLeave={function}
>                                 onMouseUp={function}
>                                 onDragLeave={function}
>                                 onTouchEnd={function}
>                                 onTouchMove={function}
>                                 onTouchStart={function}
>                                 tabIndex={0}
>                                 type="button"
>                                 disabled={null}
>                                 id={undefined}
>                                 ref={function}
>                               >
>                                 <button onClick={function handleLogout}>
        ...
 @ http://localhost:5173/node_modules/.vite/deps/react-dom_client.js?v=b024f49f:1772
[    2892ms] [ERROR] <%s> cannot contain a nested %s.
See this log for the ancestor stack trace. button <button> @ http://localhost:5173/node_modules/.vite/deps/react-dom_client.js?v=b024f49f:1774
[   13128ms] [LOG] effect @ http://localhost:5173/src/components/WineList.tsx:16
[   13132ms] [LOG] effect @ http://localhost:5173/src/components/WineList.tsx:16
[   13553ms] [LOG] users from API: [Object] @ http://localhost:5173/src/components/WineList.tsx:18
[   13603ms] [LOG] users from API: [Object] @ http://localhost:5173/src/components/WineList.tsx:18
[   14127ms] [ERROR] Error: sky-horizon-blend: 5 is greater than the maximum value 1
    at Object.hs [as C] (http://localhost:5173/node_modules/.vite/deps/maplibre-gl.js?v=b024f49f:7997:73)
    at E._validate (http://localhost:5173/node_modules/.vite/deps/maplibre-gl.js?v=b024f49f:20447:59)
    at E.setSky (http://localhost:5173/node_modules/.vite/deps/maplibre-gl.js?v=b024f49f:20420:16)
    at ki.setSky (http://localhost:5173/node_modules/.vite/deps/maplibre-gl.js?v=b024f49f:27582:40)
    at ds.setSky (http://localhost:5173/node_modules/.vite/deps/maplibre-gl.js?v=b024f49f:33197:52)
    at ds.<anonymous> (http://localhost:5173/src/components/Home.tsx:20:8)
    at ds.fire (http://localhost:5173/node_modules/.vite/deps/maplibre-gl.js?v=b024f49f:595:28)
    at ki.fire (http://localhost:5173/node_modules/.vite/deps/maplibre-gl.js?v=b024f49f:599:121)
    at ki._load (http://localhost:5173/node_modules/.vite/deps/maplibre-gl.js?v=b024f49f:26981:486)
    at ki.<anonymous> (http://localhost:5173/node_modules/.vite/deps/maplibre-gl.js?v=b024f49f:26961:78) @ http://localhost:5173/node_modules/.vite/deps/maplibre-gl.js?v=b024f49f:599
[   14127ms] [ERROR] Error: horizon-fog-blend: 10 is greater than the maximum value 1
    at Object.hs [as C] (http://localhost:5173/node_modules/.vite/deps/maplibre-gl.js?v=b024f49f:7997:73)
    at E._validate (http://localhost:5173/node_modules/.vite/deps/maplibre-gl.js?v=b024f49f:20447:59)
    at E.setSky (http://localhost:5173/node_modules/.vite/deps/maplibre-gl.js?v=b024f49f:20420:16)
    at ki.setSky (http://localhost:5173/node_modules/.vite/deps/maplibre-gl.js?v=b024f49f:27582:40)
    at ds.setSky (http://localhost:5173/node_modules/.vite/deps/maplibre-gl.js?v=b024f49f:33197:52)
    at ds.<anonymous> (http://localhost:5173/src/components/Home.tsx:20:8)
    at ds.fire (http://localhost:5173/node_modules/.vite/deps/maplibre-gl.js?v=b024f49f:595:28)
    at ki.fire (http://localhost:5173/node_modules/.vite/deps/maplibre-gl.js?v=b024f49f:599:121)
    at ki._load (http://localhost:5173/node_modules/.vite/deps/maplibre-gl.js?v=b024f49f:26981:486)
    at ki.<anonymous> (http://localhost:5173/node_modules/.vite/deps/maplibre-gl.js?v=b024f49f:26961:78) @ http://localhost:5173/node_modules/.vite/deps/maplibre-gl.js?v=b024f49f:599
[   14128ms] [ERROR] Error: fog-ground-blend: 20 is greater than the maximum value 1
    at Object.hs [as C] (http://localhost:5173/node_modules/.vite/deps/maplibre-gl.js?v=b024f49f:7997:73)
    at E._validate (http://localhost:5173/node_modules/.vite/deps/maplibre-gl.js?v=b024f49f:20447:59)
    at E.setSky (http://localhost:5173/node_modules/.vite/deps/maplibre-gl.js?v=b024f49f:20420:16)
    at ki.setSky (http://localhost:5173/node_modules/.vite/deps/maplibre-gl.js?v=b024f49f:27582:40)
    at ds.setSky (http://localhost:5173/node_modules/.vite/deps/maplibre-gl.js?v=b024f49f:33197:52)
    at ds.<anonymous> (http://localhost:5173/src/components/Home.tsx:20:8)
    at ds.fire (http://localhost:5173/node_modules/.vite/deps/maplibre-gl.js?v=b024f49f:595:28)
    at ki.fire (http://localhost:5173/node_modules/.vite/deps/maplibre-gl.js?v=b024f49f:599:121)
    at ki._load (http://localhost:5173/node_modules/.vite/deps/maplibre-gl.js?v=b024f49f:26981:486)
    at ki.<anonymous> (http://localhost:5173/node_modules/.vite/deps/maplibre-gl.js?v=b024f49f:26961:78) @ http://localhost:5173/node_modules/.vite/deps/maplibre-gl.js?v=b024f49f:599
